
Press any key to get user channel's ADC value ...
Health Check Status is complete 
User Input Status
ADC Value: 32
ADC Interrupt Count: 1
User Input Status
User Input Status
User Input Status
User Input Status
Health Check Status is complete 
User Input Status
User Input Status
User Input Status
User Input Status
User Input Status
Health Check Status is complete 
ADC Value: 32
ADC Interrupt Count: 1
User Input Status
User Input Status
User Input Status
User Input Status
User Input Status
Health Check Status is complete 
User Input Status
User Input Status
User Input Status
User Input Status
User Input Status
Health Check Status is cADC Value: 32
ADC Interrupt Count: 1
omplete 
User Input Status
User Input Status
User Input Status
User Input Status
User Input Status
Health Check Status is complete 
User Input Status
User Input Status
User Input Status
User Input Status
User Input Status
ADC Value: 32
ADC Interrupt Count: Health Check Status is complete 
1
User Input Status
User Input Status
User Input Status
User Input Status
User Input Status
Health Check Status is complete 
User Input Status
User Input Status
User Input Status
User Input Status
User Input Status
ADC Value: 32Health Check Status is complete 

ADC Interrupt Count: 1
User Input Status
User Input Status
User Input Status
User Input Status
UserInput Recived
User Input Status
Health Check Status is complete 
User Input Status
User Input Status
UserInput Recived
User Input Status
User Input Status
User Input Status
UserInput Recived
Health Check ADC Value: 32
ADC Interrupt Count: 1
Status is complete 
User Input Status
User Input Status
User Input Status
User Input Status
User Input Status
Health Check Status is complete 
User Input Status
User Input Status
UserInput Recived
User Input Status
User Input Status
UserInput Recived
User Input Status
UserInput Recived
ADC Value: 32
ADC Interrupt Count: 1
Health Check Status is complete 
User Input Status
User Input Status
User Input Status
User Input Status
User Input Status
Health Check Status is complete 
User Input Status
User Input Status
User Input Status
User Input Status
User Input Status
ADC Value: 32
ADC Interrupt Count: 1
Health Check Status is complete 
User Input Status
User Input Status
User Input Status
User Input Status
User Input Status
Health Check Status is complete 
User Input Status
User Input Status
User Input Status
User Input Status
User Input Status
ADC Value: 32
ADC Interrupt Count: 1
Health Check Status is complete 
User Input Status
User Input Status
User Input Status
User Input Status
User Input Status
Health Check Status is complete 
User Input Status
User Input Status
User Input Status
User Input Status
User Input Status
ADC Value: 32
ADC Interrupt Count: 1
Health Check Status is complete 
User Input Status
User Input Status
User Input Status
User Input Status
User Input Status
Health Check Status is complete 
User Input Status
User Input Status
User Input Status
User Input Status
User Input Status
ADC Value: 32
ADC Interrupt Count: 1
Health Check Status is complete 
User Input Status
User Input Status
User Input Status
User Input Status
User Input Status
Health Check Status is complete 
User Input Status
User Input Status
User Input Status
User Input Status
User Input Status
ADC Value: 32
ADC Interrupt Count: 1
Health Check Status is complete 
User Input Status
User Input Status
User Input Status
User Input Status
User Input Status
Health Check Status is complete 
User Input Status
User Input Status
User Input Status
User Input Status
User Input Status
ADC Value: 32
ADC Interrupt Count: 1
Health Check Status is complete 
User Input Status
User Input Status
User Input Status
User Input Status
User Input Status
Health Check Status is complete 
User Input Status
User Input Status
User Input Status
User Input Status
User Input Status
ADC Value: 32
ADC Interrupt Count: 1
Health Check Status is complete 
User Input Status
User Input Status
User Input Status
User Input Status
User Input Status
